20.8063
0.0191649
0.493082
0.345608
0.159856
0.0618406
0.021791
0.00723324
0.00230318
0.000711371
0.000214658
6.35907e-005
1.85609e-005
5.35212e-006
1.52781e-006
4.32456e-007
